******************************************************************************
                  TI ARM Linker PC v18.1.3                     
******************************************************************************
>> Linked Mon Dec 10 19:27:51 2018

OUTPUT FILE NAME:   <TMP.out>
ENTRY POINT SYMBOL: "_c_int00_noargs"  address: 00000b91


MEMORY CONFIGURATION

         name            origin    length      used     unused   attr    fill
----------------------  --------  ---------  --------  --------  ----  --------
  FLASH                 00000000   00100000  00000ed0  000ff130  R  X
  SRAM                  20000000   00040000  0000020c  0003fdf4  RW X


SEGMENT ALLOCATION MAP

run origin  load origin   length   init length attrs members
----------  ----------- ---------- ----------- ----- -------
00000000    00000000    00000ed0   00000ed0    r-x
  00000000    00000000    00000208   00000208    r-- .intvecs
  00000208    00000208    00000a44   00000a44    r-x .text
  00000c4c    00000c4c    00000254   00000254    r-- .const
  00000ea0    00000ea0    00000030   00000030    r-- .cinit
20000000    20000000    0000020c   00000000    rw-
  20000000    20000000    00000200   00000000    rw- .stack
  20000200    20000200    00000008   00000000    rw- .data
  20000208    20000208    00000004   00000000    rw- .bss


SECTION ALLOCATION MAP

 output                                  attributes/
section   page    origin      length       input sections
--------  ----  ----------  ----------   ----------------
.intvecs   0    00000000    00000208     
                  00000000    00000208     tm4c1294ncpdt_startup_ccs.obj (.intvecs)

.text      0    00000208    00000a44     
                  00000208    00000200     driverlib.lib : sysctl.obj (.text:SysCtlClockFreqSet)
                  00000408    000001c8     main.obj (.text)
                  000005d0    000001b6     rtsv7M4_T_le_v4SPD16_eabi.lib : fd_add_t2.asm.obj (.text)
                  00000786    00000136                                   : fd_div_t2.asm.obj (.text)
                  000008bc    000000fc                                   : fd_mul_t2.asm.obj (.text)
                  000009b8    0000009c                                   : memcpy_t2.asm.obj (.text)
                  00000a54    00000068                                   : copy_decompress_lzss.c.obj (.text:decompress:lzss:__TI_decompress_lzss)
                  00000abc    00000048     driverlib.lib : sysctl.obj (.text:_SysCtlFrequencyGet)
                  00000b04    00000048     rtsv7M4_T_le_v4SPD16_eabi.lib : fd_toi_t2.asm.obj (.text)
                  00000b4c    00000044                                   : autoinit.c.obj (.text:__TI_auto_init_nobinit_nopinit:__TI_auto_init_nobinit_nopinit)
                  00000b90    00000038                                   : boot_cortex_m.c.obj (.text:_c_int00_noargs:_c_int00_noargs)
                  00000bc8    0000002e                                   : i_tofd_t2.asm.obj (.text)
                  00000bf6    00000002     --HOLE-- [fill = 0]
                  00000bf8    00000020     driverlib.lib : sysctl.obj (.text:_SysCtlMemTimingGet)
                  00000c18    00000012     rtsv7M4_T_le_v4SPD16_eabi.lib : copy_zero_init.c.obj (.text:decompress:ZI:__TI_zero_init_nomemset:__TI_zero_init_nomemset)
                  00000c2a    0000000e                                   : copy_decompress_none.c.obj (.text:decompress:none:__TI_decompress_none)
                  00000c38    0000000c     tm4c1294ncpdt_startup_ccs.obj (.text)
                  00000c44    00000004     rtsv7M4_T_le_v4SPD16_eabi.lib : pre_init.c.obj (.text:_system_pre_init)
                  00000c48    00000004                                   : exit.c.obj (.text:abort:abort)

.const     0    00000c4c    00000254     
                  00000c4c    000001b0     driverlib.lib : sysctl.obj (.const:g_pppui32XTALtoVCO)
                  00000dfc    0000006c                   : sysctl.obj (.const:g_pui32Xtals)
                  00000e68    00000030                   : sysctl.obj (.const:g_sXTALtoMEMTIM)
                  00000e98    00000008                   : sysctl.obj (.const)

.cinit     0    00000ea0    00000030     
                  00000ea0    0000000c     (__TI_handler_table)
                  00000eac    00000004     --HOLE-- [fill = 0]
                  00000eb0    00000008     (.cinit..bss.load) [load image, compression = zero_init]
                  00000eb8    00000007     (.cinit..data.load) [load image, compression = lzss]
                  00000ebf    00000001     --HOLE-- [fill = 0]
                  00000ec0    00000010     (__TI_cinit_table)

.init_array 
*          0    00000000    00000000     UNINITIALIZED

.data      0    20000200    00000008     UNINITIALIZED
                  20000200    00000008     main.obj (.data)

.bss       0    20000208    00000004     UNINITIALIZED
                  20000208    00000004     (.common:ui32SysClkFreq)

.stack     0    20000000    00000200     UNINITIALIZED
                  20000000    00000004     rtsv7M4_T_le_v4SPD16_eabi.lib : boot_cortex_m.c.obj (.stack)
                  20000004    000001fc     --HOLE--

MODULE SUMMARY

       Module                          code   ro data   rw data
       ------                          ----   -------   -------
    .\
       tm4c1294ncpdt_startup_ccs.obj   12     520       0      
       main.obj                        456    0         12     
    +--+-------------------------------+------+---------+---------+
       Total:                          468    520       12     
                                                               
    C:/ti/TivaWare_C_Series-2.1.4.178/driverlib/ccs/Debug/driverlib.lib
       sysctl.obj                      616    596       0      
    +--+-------------------------------+------+---------+---------+
       Total:                          616    596       0      
                                                               
    C:\ti\ccsv8\tools\compiler\ti-cgt-arm_18.1.3.LTS\lib\rtsv7M4_T_le_v4SPD16_eabi.lib
       fd_add_t2.asm.obj               438    0         0      
       fd_div_t2.asm.obj               310    0         0      
       fd_mul_t2.asm.obj               252    0         0      
       memcpy_t2.asm.obj               156    0         0      
       copy_decompress_lzss.c.obj      104    0         0      
       fd_toi_t2.asm.obj               72     0         0      
       autoinit.c.obj                  68     0         0      
       boot_cortex_m.c.obj             56     0         0      
       i_tofd_t2.asm.obj               46     0         0      
       copy_zero_init.c.obj            18     0         0      
       copy_decompress_none.c.obj      14     0         0      
       exit.c.obj                      4      0         0      
       pre_init.c.obj                  4      0         0      
    +--+-------------------------------+------+---------+---------+
       Total:                          1542   0         0      
                                                               
       Stack:                          0      0         512    
       Linker Generated:               0      43        0      
    +--+-------------------------------+------+---------+---------+
       Grand Total:                    2626   1159      524    


LINKER GENERATED COPY TABLES

__TI_cinit_table @ 00000ec0 records: 2, size/record: 8, table size: 16
	.bss: load addr=00000eb0, load size=00000008 bytes, run addr=20000208, run size=00000004 bytes, compression=zero_init
	.data: load addr=00000eb8, load size=00000007 bytes, run addr=20000200, run size=00000008 bytes, compression=lzss


LINKER GENERATED HANDLER TABLE

__TI_handler_table @ 00000ea0 records: 3, size/record: 4, table size: 12
	index: 0, handler: __TI_decompress_lzss
	index: 1, handler: __TI_decompress_none
	index: 2, handler: __TI_zero_init


GLOBAL SYMBOLS: SORTED ALPHABETICALLY BY Name 

address   name                          
-------   ----                          
00000443  ADC0SS3_Handler               
00000c49  C$$EXIT                       
20000204  DATA                          
00000409  Delay                         
00000c39  ResetISR                      
00000209  SysCtlClockFreqSet            
20000200  Temperature                   
20000200  __STACK_END                   
00000200  __STACK_SIZE                  
20000200  __STACK_TOP                   
00000ec0  __TI_CINIT_Base               
00000ed0  __TI_CINIT_Limit              
00000ea0  __TI_Handler_Table_Base       
00000eac  __TI_Handler_Table_Limit      
00000b4d  __TI_auto_init_nobinit_nopinit
00000a55  __TI_decompress_lzss          
00000c2b  __TI_decompress_none          
ffffffff  __TI_pprof_out_hndl           
ffffffff  __TI_prof_data_size           
ffffffff  __TI_prof_data_start          
00000000  __TI_static_base__            
00000c19  __TI_zero_init_nomemset       
00000b05  __aeabi_d2iz                  
000005db  __aeabi_dadd                  
00000787  __aeabi_ddiv                  
000008bd  __aeabi_dmul                  
000005d1  __aeabi_dsub                  
00000bc9  __aeabi_i2d                   
000009b9  __aeabi_memcpy                
000009b9  __aeabi_memcpy4               
000009b9  __aeabi_memcpy8               
ffffffff  __binit__                     
ffffffff  __c_args__                    
UNDEFED   __mpu_init                    
20000000  __stack                       
00000b91  _c_int00_noargs               
UNDEFED   _system_post_cinit            
00000c45  _system_pre_init              
00000c49  abort                         
ffffffff  binit                         
00000000  g_pfnVectors                  
00000497  main                          
000009b9  memcpy                        
20000208  ui32SysClkFreq                


GLOBAL SYMBOLS: SORTED BY Symbol Address 

address   name                          
-------   ----                          
00000000  __TI_static_base__            
00000000  g_pfnVectors                  
00000200  __STACK_SIZE                  
00000209  SysCtlClockFreqSet            
00000409  Delay                         
00000443  ADC0SS3_Handler               
00000497  main                          
000005d1  __aeabi_dsub                  
000005db  __aeabi_dadd                  
00000787  __aeabi_ddiv                  
000008bd  __aeabi_dmul                  
000009b9  __aeabi_memcpy                
000009b9  __aeabi_memcpy4               
000009b9  __aeabi_memcpy8               
000009b9  memcpy                        
00000a55  __TI_decompress_lzss          
00000b05  __aeabi_d2iz                  
00000b4d  __TI_auto_init_nobinit_nopinit
00000b91  _c_int00_noargs               
00000bc9  __aeabi_i2d                   
00000c19  __TI_zero_init_nomemset       
00000c2b  __TI_decompress_none          
00000c39  ResetISR                      
00000c45  _system_pre_init              
00000c49  C$$EXIT                       
00000c49  abort                         
00000ea0  __TI_Handler_Table_Base       
00000eac  __TI_Handler_Table_Limit      
00000ec0  __TI_CINIT_Base               
00000ed0  __TI_CINIT_Limit              
20000000  __stack                       
20000200  Temperature                   
20000200  __STACK_END                   
20000200  __STACK_TOP                   
20000204  DATA                          
20000208  ui32SysClkFreq                
ffffffff  __TI_pprof_out_hndl           
ffffffff  __TI_prof_data_size           
ffffffff  __TI_prof_data_start          
ffffffff  __binit__                     
ffffffff  __c_args__                    
ffffffff  binit                         
UNDEFED   __mpu_init                    
UNDEFED   _system_post_cinit            

[44 symbols]
