******************************************************************************
                  TI ARM Linker PC v18.1.3                     
******************************************************************************
>> Linked Wed Dec 12 01:47:22 2018

OUTPUT FILE NAME:   <RTCproj.out>
ENTRY POINT SYMBOL: "_c_int00_noargs"  address: 00000af1


MEMORY CONFIGURATION

         name            origin    length      used     unused   attr    fill
----------------------  --------  ---------  --------  --------  ----  --------
  FLASH                 00000000   00100000  00000f18  000ff0e8  R  X
  SRAM                  20000000   00040000  00000208  0003fdf8  RW X


SEGMENT ALLOCATION MAP

run origin  load origin   length   init length attrs members
----------  ----------- ---------- ----------- ----- -------
00000000    00000000    00000f1c   00000f1c    r-x
  00000000    00000000    00000208   00000208    r-- .intvecs
  00000208    00000208    00000a18   00000a18    r-x .text
  00000c20    00000c20    000002e4   000002e4    r-- .const
  00000f08    00000f08    00000014   00000014    r-- .cinit
20000000    20000000    00000208   00000000    rw-
  20000000    20000000    00000200   00000000    rw- .stack
  20000200    20000200    00000008   00000000    rw- .bss


SECTION ALLOCATION MAP

 output                                  attributes/
section   page    origin      length       input sections
--------  ----  ----------  ----------   ----------------
.intvecs   0    00000000    00000208     
                  00000000    00000208     tm4c1294ncpdt_startup_ccs.obj (.intvecs)

.text      0    00000208    00000a18     
                  00000208    00000470     main.obj (.text)
                  00000678    000001ec     driverlib.lib : sysctl.obj (.text:SysCtlClockFreqSet)
                  00000864    00000132                   : gpio.obj (.text:GPIOPadConfigSet)
                  00000996    00000002     --HOLE-- [fill = 0]
                  00000998    0000004c                   : i2c.obj (.text:I2CMasterInitExpClk)
                  000009e4    00000048                   : gpio.obj (.text:GPIOPinConfigure)
                  00000a2c    00000048                   : sysctl.obj (.text:_SysCtlFrequencyGet)
                  00000a74    00000044     rtsv7M4_T_le_v4SPD16_eabi.lib : autoinit.c.obj (.text:__TI_auto_init_nobinit_nopinit:__TI_auto_init_nobinit_nopinit)
                  00000ab8    00000038     driverlib.lib : sysctl.obj (.text:SysCtlPeripheralReady)
                  00000af0    00000038     rtsv7M4_T_le_v4SPD16_eabi.lib : boot_cortex_m.c.obj (.text:_c_int00_noargs:_c_int00_noargs)
                  00000b28    00000034     driverlib.lib : sysctl.obj (.text:SysCtlPeripheralEnable)
                  00000b5c    0000002a                   : gpio.obj (.text:GPIODirModeSet)
                  00000b86    00000002     --HOLE-- [fill = 0]
                  00000b88    00000020                   : sysctl.obj (.text:_SysCtlMemTimingGet)
                  00000ba8    00000012                   : gpio.obj (.text:GPIOPinTypeI2C)
                  00000bba    00000012                   : gpio.obj (.text:GPIOPinTypeI2CSCL)
                  00000bcc    00000012     rtsv7M4_T_le_v4SPD16_eabi.lib : copy_zero_init.c.obj (.text:decompress:ZI:__TI_zero_init_nomemset:__TI_zero_init_nomemset)
                  00000bde    0000000c     tm4c1294ncpdt_startup_ccs.obj (.text)
                  00000bea    0000000a     driverlib.lib : i2c.obj (.text:I2CMasterEnable)
                  00000bf4    00000008                   : i2c.obj (.text:I2CMasterBusBusy)
                  00000bfc    00000008                   : i2c.obj (.text:I2CMasterBusy)
                  00000c04    00000008                   : i2c.obj (.text:I2CMasterSlaveAddrSet)
                  00000c0c    00000004                   : i2c.obj (.text:I2CMasterControl)
                  00000c10    00000004                   : i2c.obj (.text:I2CMasterDataGet)
                  00000c14    00000004                   : i2c.obj (.text:I2CMasterDataPut)
                  00000c18    00000004     rtsv7M4_T_le_v4SPD16_eabi.lib : pre_init.c.obj (.text:_system_pre_init)
                  00000c1c    00000004                                   : exit.c.obj (.text:abort:abort)

.const     0    00000c20    000002e4     
                  00000c20    000001b0     driverlib.lib : sysctl.obj (.const:g_pppui32XTALtoVCO)
                  00000dd0    00000090                   : gpio.obj (.const:g_pui32GPIOBaseAddrs)
                  00000e60    0000006c                   : sysctl.obj (.const:g_pui32Xtals)
                  00000ecc    00000030                   : sysctl.obj (.const:g_sXTALtoMEMTIM)
                  00000efc    00000008                   : sysctl.obj (.const)

.cinit     0    00000f08    00000014     
                  00000f08    00000008     (.cinit..bss.load) [load image, compression = zero_init]
                  00000f10    00000004     (__TI_handler_table)
                  00000f14    00000008     (__TI_cinit_table)

.init_array 
*          0    00000000    00000000     UNINITIALIZED

.bss       0    20000200    00000008     UNINITIALIZED
                  20000200    00000008     (.common:time)

.stack     0    20000000    00000200     UNINITIALIZED
                  20000000    00000004     rtsv7M4_T_le_v4SPD16_eabi.lib : boot_cortex_m.c.obj (.stack)
                  20000004    000001fc     --HOLE--

MODULE SUMMARY

       Module                          code   ro data   rw data
       ------                          ----   -------   -------
    .\
       main.obj                        1136   0         8      
       tm4c1294ncpdt_startup_ccs.obj   12     520       0      
    +--+-------------------------------+------+---------+---------+
       Total:                          1148   520       8      
                                                               
    C:/ti/tirex-content/TivaWare_C_Series-2.1.3.156/driverlib/ccs/Debug/driverlib.lib
       sysctl.obj                      704    596       0      
       gpio.obj                        456    144       0      
       i2c.obj                         122    0         0      
    +--+-------------------------------+------+---------+---------+
       Total:                          1282   740       0      
                                                               
    C:\ti\ccsv6\tools\compiler\ti-cgt-arm_18.1.3.LTS\lib\rtsv7M4_T_le_v4SPD16_eabi.lib
       autoinit.c.obj                  68     0         0      
       boot_cortex_m.c.obj             56     0         0      
       copy_zero_init.c.obj            18     0         0      
       exit.c.obj                      4      0         0      
       pre_init.c.obj                  4      0         0      
    +--+-------------------------------+------+---------+---------+
       Total:                          150    0         0      
                                                               
       Stack:                          0      0         512    
       Linker Generated:               0      20        0      
    +--+-------------------------------+------+---------+---------+
       Grand Total:                    2580   1280      520    


LINKER GENERATED COPY TABLES

__TI_cinit_table @ 00000f14 records: 1, size/record: 8, table size: 8
	.bss: load addr=00000f08, load size=00000008 bytes, run addr=20000200, run size=00000008 bytes, compression=zero_init


LINKER GENERATED HANDLER TABLE

__TI_handler_table @ 00000f10 records: 1, size/record: 4, table size: 4
	index: 0, handler: __TI_zero_init


GLOBAL SYMBOLS: SORTED ALPHABETICALLY BY Name 

address   name                          
-------   ----                          
00000c1d  C$$EXIT                       
00000b5d  GPIODirModeSet                
00000865  GPIOPadConfigSet              
000009e5  GPIOPinConfigure              
00000ba9  GPIOPinTypeI2C                
00000bbb  GPIOPinTypeI2CSCL             
00000bf5  I2CMasterBusBusy              
00000bfd  I2CMasterBusy                 
00000c0d  I2CMasterControl              
00000c11  I2CMasterDataGet              
00000c15  I2CMasterDataPut              
00000beb  I2CMasterEnable               
00000999  I2CMasterInitExpClk           
00000c05  I2CMasterSlaveAddrSet         
00000bdf  ResetISR                      
00000679  SysCtlClockFreqSet            
00000b29  SysCtlPeripheralEnable        
00000ab9  SysCtlPeripheralReady         
20000200  __STACK_END                   
00000200  __STACK_SIZE                  
20000200  __STACK_TOP                   
00000f14  __TI_CINIT_Base               
00000f1c  __TI_CINIT_Limit              
00000f10  __TI_Handler_Table_Base       
00000f14  __TI_Handler_Table_Limit      
00000a75  __TI_auto_init_nobinit_nopinit
ffffffff  __TI_pprof_out_hndl           
ffffffff  __TI_prof_data_size           
ffffffff  __TI_prof_data_start          
00000000  __TI_static_base__            
00000bcd  __TI_zero_init_nomemset       
ffffffff  __binit__                     
ffffffff  __c_args__                    
UNDEFED   __mpu_init                    
20000000  __stack                       
00000af1  _c_int00_noargs               
UNDEFED   _system_post_cinit            
00000c19  _system_pre_init              
00000c1d  abort                         
ffffffff  binit                         
00000000  g_pfnVectors                  
0000058f  main                          
20000200  time                          


GLOBAL SYMBOLS: SORTED BY Symbol Address 

address   name                          
-------   ----                          
00000000  __TI_static_base__            
00000000  g_pfnVectors                  
00000200  __STACK_SIZE                  
0000058f  main                          
00000679  SysCtlClockFreqSet            
00000865  GPIOPadConfigSet              
00000999  I2CMasterInitExpClk           
000009e5  GPIOPinConfigure              
00000a75  __TI_auto_init_nobinit_nopinit
00000ab9  SysCtlPeripheralReady         
00000af1  _c_int00_noargs               
00000b29  SysCtlPeripheralEnable        
00000b5d  GPIODirModeSet                
00000ba9  GPIOPinTypeI2C                
00000bbb  GPIOPinTypeI2CSCL             
00000bcd  __TI_zero_init_nomemset       
00000bdf  ResetISR                      
00000beb  I2CMasterEnable               
00000bf5  I2CMasterBusBusy              
00000bfd  I2CMasterBusy                 
00000c05  I2CMasterSlaveAddrSet         
00000c0d  I2CMasterControl              
00000c11  I2CMasterDataGet              
00000c15  I2CMasterDataPut              
00000c19  _system_pre_init              
00000c1d  C$$EXIT                       
00000c1d  abort                         
00000f10  __TI_Handler_Table_Base       
00000f14  __TI_CINIT_Base               
00000f14  __TI_Handler_Table_Limit      
00000f1c  __TI_CINIT_Limit              
20000000  __stack                       
20000200  __STACK_END                   
20000200  __STACK_TOP                   
20000200  time                          
ffffffff  __TI_pprof_out_hndl           
ffffffff  __TI_prof_data_size           
ffffffff  __TI_prof_data_start          
ffffffff  __binit__                     
ffffffff  __c_args__                    
ffffffff  binit                         
UNDEFED   __mpu_init                    
UNDEFED   _system_post_cinit            

[43 symbols]
