Component: ARM Compiler 5.06 update 6 (build 750) Tool: armlink [4d35ed]

==============================================================================

Section Cross References

    startup_armcm4.o(RESET) refers to startup_armcm4.o(STACK) for __initial_sp
    startup_armcm4.o(RESET) refers to startup_armcm4.o(.text) for Reset_Handler
    startup_armcm4.o(.text) refers to system_armcm4.o(i.SystemInit) for SystemInit
    startup_armcm4.o(.text) refers to prob5.o(A_SIMPLE_PROGRAM) for __main
    system_armcm4.o(i.SystemCoreClockUpdate) refers to system_armcm4.o(.data) for SystemCoreClock
    system_armcm4.o(i.SystemInit) refers to startup_armcm4.o(RESET) for __Vectors
    system_armcm4.o(i.SystemInit) refers to system_armcm4.o(.data) for SystemCoreClock


==============================================================================

Removing Unused input sections from the image.

    Removing startup_armcm4.o(HEAP), (3072 bytes).
    Removing system_armcm4.o(.rev16_text), (4 bytes).
    Removing system_armcm4.o(.revsh_text), (4 bytes).
    Removing system_armcm4.o(.rrx_text), (6 bytes).
    Removing system_armcm4.o(i.SystemCoreClockUpdate), (16 bytes).

5 unused section(s) (total 3102 bytes) removed from the image.

==============================================================================

Image Symbol Table

    Local Symbols

    Symbol Name                              Value     Ov Type        Size  Object(Section)

    RESET                                    0x00000000   Section      960  startup_armcm4.o(RESET)
    RTE\Device\ARMCM4_FP\startup_ARMCM4.s    0x00000000   Number         0  startup_armcm4.o ABSOLUTE
    RTE\Device\ARMCM4_FP\system_ARMCM4.c     0x00000000   Number         0  system_armcm4.o ABSOLUTE
    RTE\\Device\\ARMCM4_FP\\system_ARMCM4.c  0x00000000   Number         0  system_armcm4.o ABSOLUTE
    prob5.s                                  0x00000000   Number         0  prob5.o ABSOLUTE
    .text                                    0x000003c0   Section       56  startup_armcm4.o(.text)
    $v0                                      0x000003c0   Number         0  startup_armcm4.o(.text)
    A_SIMPLE_PROGRAM                         0x000003f8   Section       56  prob5.o(A_SIMPLE_PROGRAM)
    TABLE                                    0x000003f8   Data          12  prob5.o(A_SIMPLE_PROGRAM)
    $v0                                      0x00000410   Number         0  prob5.o(A_SIMPLE_PROGRAM)
    i.SystemInit                             0x00000430   Section        0  system_armcm4.o(i.SystemInit)
    .data                                    0x20000000   Section        4  system_armcm4.o(.data)
    STACK                                    0x20000008   Section     1024  startup_armcm4.o(STACK)

    Global Symbols

    Symbol Name                              Value     Ov Type        Size  Object(Section)

    BuildAttributes$$THM_ISAv4$E$P$D$K$B$S$7EM$VFPi3$EXTD16$VFPS$VFMA$PE$A:L22UL41UL21$X:L11$S22US41US21$IEEE1$IW$USESV6$~STKCKD$USESV7$~SHL$OSPACE$EBA8$STANDARDLIB$REQ8$PRES8$EABIv2 0x00000000   Number         0  anon$$obj.o ABSOLUTE
    __Vectors                                0x00000000   Data           4  startup_armcm4.o(RESET)
    Reset_Handler                            0x000003c1   Thumb Code     8  startup_armcm4.o(.text)
    __Vectors_End                            0x000003c0   Data           0  startup_armcm4.o(RESET)
    __Vectors_Size                           0x000003c0   Number         0  startup_armcm4.o ABSOLUTE
    NMI_Handler                              0x000003c9   Thumb Code     2  startup_armcm4.o(.text)
    HardFault_Handler                        0x000003cb   Thumb Code     2  startup_armcm4.o(.text)
    MemManage_Handler                        0x000003cd   Thumb Code     2  startup_armcm4.o(.text)
    BusFault_Handler                         0x000003cf   Thumb Code     2  startup_armcm4.o(.text)
    UsageFault_Handler                       0x000003d1   Thumb Code     2  startup_armcm4.o(.text)
    SVC_Handler                              0x000003d3   Thumb Code     2  startup_armcm4.o(.text)
    DebugMon_Handler                         0x000003d5   Thumb Code     2  startup_armcm4.o(.text)
    PendSV_Handler                           0x000003d7   Thumb Code     2  startup_armcm4.o(.text)
    SysTick_Handler                          0x000003d9   Thumb Code     2  startup_armcm4.o(.text)
    Interrupt0_Handler                       0x000003db   Thumb Code     2  startup_armcm4.o(.text)
    Interrupt1_Handler                       0x000003dd   Thumb Code     2  startup_armcm4.o(.text)
    Interrupt2_Handler                       0x000003df   Thumb Code     2  startup_armcm4.o(.text)
    Interrupt3_Handler                       0x000003e1   Thumb Code     2  startup_armcm4.o(.text)
    Interrupt4_Handler                       0x000003e3   Thumb Code     2  startup_armcm4.o(.text)
    Interrupt5_Handler                       0x000003e5   Thumb Code     2  startup_armcm4.o(.text)
    Interrupt6_Handler                       0x000003e7   Thumb Code     2  startup_armcm4.o(.text)
    Interrupt7_Handler                       0x000003e9   Thumb Code     2  startup_armcm4.o(.text)
    Interrupt8_Handler                       0x000003eb   Thumb Code     2  startup_armcm4.o(.text)
    Interrupt9_Handler                       0x000003ed   Thumb Code     2  startup_armcm4.o(.text)
    __main                                   0x00000411   Thumb Code     0  prob5.o(A_SIMPLE_PROGRAM)
    SystemInit                               0x00000431   Thumb Code    30  system_armcm4.o(i.SystemInit)
    SystemCoreClock                          0x20000000   Data           4  system_armcm4.o(.data)
    __stack_limit                            0x20000008   Data           0  startup_armcm4.o(STACK)
    __initial_sp                             0x20000408   Data           0  startup_armcm4.o(STACK)



==============================================================================

Memory Map of the image

  Image Entry point : 0x000003c1

  Load Region LR_1 (Base: 0x00000000, Size: 0x00000464, Max: 0xffffffff, ABSOLUTE)

    Execution Region ER_RO (Exec base: 0x00000000, Load base: 0x00000000, Size: 0x00000460, Max: 0xffffffff, ABSOLUTE)

    Exec Addr    Load Addr    Size         Type   Attr      Idx    E Section Name        Object

    0x00000000   0x00000000   0x000003c0   Data   RO            8    RESET               startup_armcm4.o
    0x000003c0   0x000003c0   0x00000038   Code   RO            9  * .text               startup_armcm4.o
    0x000003f8   0x000003f8   0x00000038   Code   RO            1  * A_SIMPLE_PROGRAM    prob5.o
    0x00000430   0x00000430   0x00000030   Code   RO           17    i.SystemInit        system_armcm4.o


    Execution Region ER_RW (Exec base: 0x20000000, Load base: 0x00000460, Size: 0x00000004, Max: 0xffffffff, ABSOLUTE)

    Exec Addr    Load Addr    Size         Type   Attr      Idx    E Section Name        Object

    0x20000000   0x00000460   0x00000004   Data   RW           18    .data               system_armcm4.o


    Execution Region ER_ZI (Exec base: 0x20000004, Load base: 0x00000464, Size: 0x00000404, Max: 0xffffffff, ABSOLUTE)

    Exec Addr    Load Addr    Size         Type   Attr      Idx    E Section Name        Object

    0x20000004   0x00000464   0x00000004   PAD
    0x20000008        -       0x00000400   Zero   RW            6    STACK               startup_armcm4.o


==============================================================================

Image component sizes


      Code (inc. data)   RO Data    RW Data    ZI Data      Debug   Object Name

        56         28          0          0          0        292   prob5.o
        56         10        960          0       1024       1264   startup_armcm4.o
        48         18          0          4          0       5315   system_armcm4.o

    ----------------------------------------------------------------------
       160         56        960          4       1028       6871   Object Totals
         0          0          0          0          0          0   (incl. Generated)
         0          0          0          0          4          0   (incl. Padding)

    ----------------------------------------------------------------------
         0          0          0          0          0          0   Library Totals
         0          0          0          0          0          0   (incl. Padding)

    ----------------------------------------------------------------------

==============================================================================


      Code (inc. data)   RO Data    RW Data    ZI Data      Debug   

       160         56        960          4       1028       6871   Grand Totals
       160         56        960          4       1028       6871   ELF Image Totals
       160         56        960          4          0          0   ROM Totals

==============================================================================

    Total RO  Size (Code + RO Data)                 1120 (   1.09kB)
    Total RW  Size (RW Data + ZI Data)              1032 (   1.01kB)
    Total ROM Size (Code + RO Data + RW Data)       1124 (   1.10kB)

==============================================================================

