Component: ARM Compiler 5.06 update 6 (build 750) Tool: armlink [4d35ed]

==============================================================================

Section Cross References

    problem2.o(RESET) refers to problem2.o(STACK) for MyStackMem
    problem2.o(MYCODE) refers to problem2.o(MyData) for dst
    startup_armcm4.o(RESET) refers to startup_armcm4.o(STACK) for __initial_sp
    startup_armcm4.o(RESET) refers to startup_armcm4.o(.text) for Reset_Handler
    startup_armcm4.o(.text) refers to system_armcm4.o(i.SystemInit) for SystemInit
    startup_armcm4.o(.text) refers to problem2.o(MYCODE) for __main
    system_armcm4.o(i.SystemCoreClockUpdate) refers to system_armcm4.o(.data) for SystemCoreClock
    system_armcm4.o(i.SystemInit) refers to startup_armcm4.o(RESET) for __Vectors
    system_armcm4.o(i.SystemInit) refers to system_armcm4.o(.data) for SystemCoreClock


==============================================================================

Removing Unused input sections from the image.

    Removing problem2.o(STACK), (1024 bytes).
    Removing problem2.o(RESET), (4 bytes).
    Removing startup_armcm4.o(HEAP), (3072 bytes).
    Removing system_armcm4.o(.rev16_text), (4 bytes).
    Removing system_armcm4.o(.revsh_text), (4 bytes).
    Removing system_armcm4.o(.rrx_text), (6 bytes).
    Removing system_armcm4.o(i.SystemCoreClockUpdate), (16 bytes).

7 unused section(s) (total 4130 bytes) removed from the image.

==============================================================================

Image Symbol Table

    Local Symbols

    Symbol Name                              Value     Ov Type        Size  Object(Section)

    RESET                                    0x00000000   Section      960  startup_armcm4.o(RESET)
    RTE\Device\ARMCM4_FP\startup_ARMCM4.s    0x00000000   Number         0  startup_armcm4.o ABSOLUTE
    RTE\Device\ARMCM4_FP\system_ARMCM4.c     0x00000000   Number         0  system_armcm4.o ABSOLUTE
    RTE\\Device\\ARMCM4_FP\\system_ARMCM4.c  0x00000000   Number         0  system_armcm4.o ABSOLUTE
    problem2.s                               0x00000000   Number         0  problem2.o ABSOLUTE
    .text                                    0x000003c0   Section       56  startup_armcm4.o(.text)
    $v0                                      0x000003c0   Number         0  startup_armcm4.o(.text)
    MYCODE                                   0x000003f8   Section       92  problem2.o(MYCODE)
    src                                      0x000003f8   Data          42  problem2.o(MYCODE)
    $v0                                      0x00000424   Number         0  problem2.o(MYCODE)
    i.SystemInit                             0x00000454   Section        0  system_armcm4.o(i.SystemInit)
    .data                                    0x20000000   Section        4  system_armcm4.o(.data)
    MyData                                   0x20000004   Section       16  problem2.o(MyData)
    dst                                      0x20000004   Data          16  problem2.o(MyData)
    STACK                                    0x20000018   Section     1024  startup_armcm4.o(STACK)

    Global Symbols

    Symbol Name                              Value     Ov Type        Size  Object(Section)

    BuildAttributes$$THM_ISAv4$E$P$D$K$B$S$7EM$VFPi3$EXTD16$VFPS$VFMA$PE$A:L22UL41UL21$X:L11$S22US41US21$IEEE1$IW$USESV6$~STKCKD$USESV7$~SHL$OSPACE$EBA8$STANDARDLIB$REQ8$PRES8$EABIv2 0x00000000   Number         0  anon$$obj.o ABSOLUTE
    __Vectors                                0x00000000   Data           4  startup_armcm4.o(RESET)
    Reset_Handler                            0x000003c1   Thumb Code     8  startup_armcm4.o(.text)
    __Vectors_End                            0x000003c0   Data           0  startup_armcm4.o(RESET)
    __Vectors_Size                           0x000003c0   Number         0  startup_armcm4.o ABSOLUTE
    NMI_Handler                              0x000003c9   Thumb Code     2  startup_armcm4.o(.text)
    HardFault_Handler                        0x000003cb   Thumb Code     2  startup_armcm4.o(.text)
    MemManage_Handler                        0x000003cd   Thumb Code     2  startup_armcm4.o(.text)
    BusFault_Handler                         0x000003cf   Thumb Code     2  startup_armcm4.o(.text)
    UsageFault_Handler                       0x000003d1   Thumb Code     2  startup_armcm4.o(.text)
    SVC_Handler                              0x000003d3   Thumb Code     2  startup_armcm4.o(.text)
    DebugMon_Handler                         0x000003d5   Thumb Code     2  startup_armcm4.o(.text)
    PendSV_Handler                           0x000003d7   Thumb Code     2  startup_armcm4.o(.text)
    SysTick_Handler                          0x000003d9   Thumb Code     2  startup_armcm4.o(.text)
    Interrupt0_Handler                       0x000003db   Thumb Code     2  startup_armcm4.o(.text)
    Interrupt1_Handler                       0x000003dd   Thumb Code     2  startup_armcm4.o(.text)
    Interrupt2_Handler                       0x000003df   Thumb Code     2  startup_armcm4.o(.text)
    Interrupt3_Handler                       0x000003e1   Thumb Code     2  startup_armcm4.o(.text)
    Interrupt4_Handler                       0x000003e3   Thumb Code     2  startup_armcm4.o(.text)
    Interrupt5_Handler                       0x000003e5   Thumb Code     2  startup_armcm4.o(.text)
    Interrupt6_Handler                       0x000003e7   Thumb Code     2  startup_armcm4.o(.text)
    Interrupt7_Handler                       0x000003e9   Thumb Code     2  startup_armcm4.o(.text)
    Interrupt8_Handler                       0x000003eb   Thumb Code     2  startup_armcm4.o(.text)
    Interrupt9_Handler                       0x000003ed   Thumb Code     2  startup_armcm4.o(.text)
    __main                                   0x00000425   Thumb Code     0  problem2.o(MYCODE)
    SystemInit                               0x00000455   Thumb Code    30  system_armcm4.o(i.SystemInit)
    SystemCoreClock                          0x20000000   Data           4  system_armcm4.o(.data)
    __stack_limit                            0x20000018   Data           0  startup_armcm4.o(STACK)
    __initial_sp                             0x20000418   Data           0  startup_armcm4.o(STACK)



==============================================================================

Memory Map of the image

  Image Entry point : 0x000003c1

  Load Region LR_1 (Base: 0x00000000, Size: 0x00000498, Max: 0xffffffff, ABSOLUTE)

    Execution Region ER_RO (Exec base: 0x00000000, Load base: 0x00000000, Size: 0x00000484, Max: 0xffffffff, ABSOLUTE)

    Exec Addr    Load Addr    Size         Type   Attr      Idx    E Section Name        Object

    0x00000000   0x00000000   0x000003c0   Data   RO           11    RESET               startup_armcm4.o
    0x000003c0   0x000003c0   0x00000038   Code   RO           12  * .text               startup_armcm4.o
    0x000003f8   0x000003f8   0x0000005c   Code   RO            4  * MYCODE              problem2.o
    0x00000454   0x00000454   0x00000030   Code   RO           20    i.SystemInit        system_armcm4.o


    Execution Region ER_RW (Exec base: 0x20000000, Load base: 0x00000484, Size: 0x00000014, Max: 0xffffffff, ABSOLUTE)

    Exec Addr    Load Addr    Size         Type   Attr      Idx    E Section Name        Object

    0x20000000   0x00000484   0x00000004   Data   RW           21    .data               system_armcm4.o
    0x20000004   0x00000488   0x00000010   Data   RW            3    MyData              problem2.o


    Execution Region ER_ZI (Exec base: 0x20000014, Load base: 0x00000498, Size: 0x00000404, Max: 0xffffffff, ABSOLUTE)

    Exec Addr    Load Addr    Size         Type   Attr      Idx    E Section Name        Object

    0x20000014   0x00000498   0x00000004   PAD
    0x20000018        -       0x00000400   Zero   RW            9    STACK               startup_armcm4.o


==============================================================================

Image component sizes


      Code (inc. data)   RO Data    RW Data    ZI Data      Debug   Object Name

        92         52          0         16          0        296   problem2.o
        56         10        960          0       1024       1256   startup_armcm4.o
        48         18          0          4          0       5295   system_armcm4.o

    ----------------------------------------------------------------------
       196         80        960         20       1028       6847   Object Totals
         0          0          0          0          0          0   (incl. Generated)
         0          0          0          0          4          0   (incl. Padding)

    ----------------------------------------------------------------------
         0          0          0          0          0          0   Library Totals
         0          0          0          0          0          0   (incl. Padding)

    ----------------------------------------------------------------------

==============================================================================


      Code (inc. data)   RO Data    RW Data    ZI Data      Debug   

       196         80        960         20       1028       6847   Grand Totals
       196         80        960         20       1028       6847   ELF Image Totals
       196         80        960         20          0          0   ROM Totals

==============================================================================

    Total RO  Size (Code + RO Data)                 1156 (   1.13kB)
    Total RW  Size (RW Data + ZI Data)              1048 (   1.02kB)
    Total ROM Size (Code + RO Data + RW Data)       1176 (   1.15kB)

==============================================================================

